Conference Presentations
CONFERENCE PRESENTATIONS
Conventions
CONVENTIONS
Current Research Interests
CURRENT RESEARCH INTERESTS
Dissertation
DISSERTATION
Dissertations
DISSERTATIONS
Exhibits
EXHIBITS
Licenses
LICENSES
Papers
PAPERS
Presentations
PRESENTATIONS
Professional Publications
PROFESSIONAL PUBLICATIONS
Publications
PUBLICATIONS
Research
RESEARCH
Research Grants
RESEARCH GRANTS
Research Interests
RESEARCH INTERESTS
Research Projects
RESEARCH PROJECTS
Thesis / Theses
THESIS / THESES
Présentations de conférence
PRÉSENTATIONS DE LA CONFÉRENCE
Conventions
CONVENTIONS
Intérêts de recherche actuels
INTÉRÊTS DE RECHERCHE ACTUELS
Thèse
THÈSE
Dissertations
DISSERTATIONS
Expositions
expositions
Licences
LICENCES
Papiers
PAPIERS
présentations
PRÉSENTATIONS
Publications professionnelles
PUBLICATIONS PROFESSIONNELLES
Publications
PUBLICATIONS
Recherche
RECHERCHE
Bourse de recherche
BOURSE DE RECHERCHE
recherche d'intérêts
RECHERCHE D'INTÉRÊTS
Projets de recherche
PROJETS DE RECHERCHE
Thèse / Thèses
THESIS / THESES
