yrs

yr

years

year

wks

wk

weeks

weekends

weekend

week

solstice

season

months

month

mnths

mnth

milleniums

millenium

millenia

half-milleniums

half-millenium

half-millenia

half-decades

half-decade

half-century

half-centuries

half milleniums

half millenium

half millenia

half decades

half decade

half century

half centuries

half - milleniums

half - millenium

half - millenia

half - decades

half - decade

half - century

half - centuries

festival

feast

eve

equinox

decades

decade

day

century

centuries

birthday

Solstice

Nameday

Name Day

Festival

Feast

Eve

Equinox

Day

Birthday
ans

an

années

an

semaines

fins de semaine

fin de semaine

la semaine

solstice

saison

mois

mois

mois

mnth

milleniums

millénaire

millénaires

demi-millénaires

demi-millénaire

demi-millénaire

demi-décennies

demi-décennie

demi siècle

demi-siècles

demi millénaire

demi millénaire

demi-millénaire

demi-décennies

une demi-décennie

demi siècle

demi-siècle

demi-millénaire

demi-millénaire

demi-millénaires

demi-décennies

demi-décennie

demi siècle

demi-siècles

Festival

le banquet

veille

équinoxe

décennies

décennie

journée

siècle

des siècles

anniversaire

Solstice

Nameday

Nom du jour

Festival

Le banquet

Veille

Équinoxe

journée

Anniversaire

