Treasury Department
Treasury
Transportation Department
TREASURY
State Department
Labor Department
Justice Department
Interior Department
Highway Department
Department of the Interior
Department of Treasury
Department of Transportation
Department of Trade and Industry
Department of Labor
Department of Justice
Department of Interior
Department of Housing and Community Development
Department of Health and Human Services
Department of Commerce
Department of Agriculture
Commerce Department
Agriculture Department
Département du Trésor
Trésorerie
Département des transports
TRÉSORERIE
Département d'Etat
Département du Travail
Département de la justice
Département de l'intérieur
Département des autoroutes
Département de l'intérieur
Département du Trésor
Département des transports
Département du commerce et de l'industrie
ministère du Travail
département de la Justice
Département de l'intérieur
Département du logement et du développement communautaire
Département de la santé et des services sociaux
Département du commerce
Département de l'agriculture
département du Commerce
Département de l'agriculture