ACADEMIC BACKGROUND
Academic Background
ACADEMIC EXPERIENCE
Academic Experience
ACADEMIC TRAINING
Academic Training
APPRENTICESHIPS
Apprenticeships
CERTIFICATION
Certification
CERTIFICATIONS
Certifications
COLLEGE ACTIVITIES
College Activities
COURSE PROJECT EXPERIENCE
Course Project Experience
COURSES
Courses
EDUCATION
Education
EDUCATION AND TRAINING
Education and Training
EDUCATIONAL BACKGROUND
Educational Background
EDUCATIONAL QUALIFICATIONS
Educational Qualifications
EDUCATIONAL TRAINING
Educational Training
INTERNSHIP EXPERIENCE
Internship Experience
INTERNSHIPS
Internships
Patent
PATENT
Patents
PATENTS
Professional Training
PROFESSIONAL TRAINING
Programs
PROGRAMS
RELATED COURSE PROJECTS
Related Course Projects
RELATED COURSES
Related Courses
Special Training
SPECIAL TRAINING
Study
STUDY
Training
TRAINING
Workshop
WORKSHOP
Workshops
WORKSHOPS
FORMATION UNIVERSITAIRE
Formation universitaire
PARCOURS ACADÉMIQUE
Parcours académique
FORMATION ACADÉMIQUE
Formation académique
APPRENTISSAGE
Apprentissage
CERTIFICATION
Certification
CERTIFICATIONS
Certifications
ACTIVITÉS DU COLLÈGE
Activités du collège
EXPÉRIENCE DE PROJET DE COURS
Expérience du projet de cours
COURS
Cours
ÉDUCATION
Éducation
ÉDUCATION ET FORMATION
Éducation et formation
CONTEXTE ÉDUCATIF
Fond éducatif
NIVEAU D'ÉTUDES
niveau d'études
FORMATION EDUCATIVE
Formation pédagogique
EXPÉRIENCE DE STAGE
Expérience de stage
DES STAGES
Des stages
Brevet
BREVET
Des brevets
BREVETS
Formation professionnelle
FORMATION PROFESSIONNELLE
Programmes
PROGRAMMES
PROJETS DE COURS CONNEXES
Projets de cours connexes
COURS CONNEXES
Cours connexes
Entraînement spécial
ENTRAÎNEMENT SPÉCIAL
Étude
ÉTUDE
Entraînement
ENTRAÎNEMENT
Atelier
ATELIER
Ateliers
ATELIERS
Etudes et diplômes
Formation
FORMATION