Activities
ACTIVITIES
Activities and Honors
ACTIVITIES AND HONORS
Affiliations
AFFILIATIONS
Associations
ASSOCIATIONS
Athletic Involvement
ATHLETIC INVOLVEMENT
Civic Activities
CIVIC ACTIVITIES
Community Involvement
COMMUNITY INVOLVEMENT
Extra-Curricular Activities
EXTRA-CURRICULAR ACTIVITIES
Honors
HONORS
Memberships
MEMBERSHIPS
Professional Activities
PROFESSIONAL ACTIVITIES
Professional Affiliations
PROFESSIONAL AFFILIATIONS
Professional Associations
PROFESSIONAL ASSOCIATIONS
Professional Memberships
PROFESSIONAL MEMBERSHIPS
Volunteer Experience
VOLUNTEER EXPERIENCE
Volunteer Work
VOLUNTEER WORK
Activités
ACTIVITÉS
Activités et distinctions
ACTIVITÉS ET HONNEURS
Affiliations
AFFILIATIONS
Les associations
LES ASSOCIATIONS
Implication Athlétique
PARTICIPATION ATHLÉTIQUE
Activités civiques
ACTIVITÉS CIVIQUES
Implication de la communauté
IMPLICATION DE LA COMMUNAUTÉ
Activités extra-scolaires
ACTIVITÉS EXTRA-SCOLAIRES
Honneurs
HONNEURS
Les adhésions
MEMBRES
Activités professionnelles
ACTIVITÉS PROFESSIONNELLES
Associations professionnelles
ASSOCIATIONS PROFESSIONNELLES
Associations professionnelles
ASSOCIATIONS PROFESSIONNELLES
Adhésions Professionnelles
MEMBRES PROFESSIONNELS
Expérience de bénévolat
EXPÉRIENCE DE BÉNÉVOLAT
Bénévolat
BÉNÉVOLAT