GARDENS
Airbase
Airport
Avenue
Barracks
Base
Building
Cafe
Camp
Castle
Center
Centre
Cinema
Coliseum
Common
Forum
Gardens
GHQ
General Head Quarters
General Headquarters
HQ
Hall
Head Quarters
Headquarters
Hotel
House
International Airport
international airport
Jail
jail
Museum
Office
Palace
Park
Pavilion
Plant
Playhouse
playhouse
Prison Camp
Pub
Ranch
Refuge
Refugee Camp
Resort
Restaurant
School
Ski Resort
Square
Station
Stadium
Street
Theatre
Theater
Tower
Trail
trail
Wall
Zoo
Federal Building
federal building
prison camp
refugee camp
school
Hilton
cemetery
Studios
JARDINS
Base aérienne
Aéroport
rue
Caserne
Base
Bâtiment
Café
Camp
Château
Centre
Centre
Cinéma
Colisée
Commun
Forum
Jardins
GHQ
Quartiers généraux
quartiers généraux
QG
salle
Quartier général
Quartier général
Un hôtel
Maison
Aéroport international
aéroport international
Prison
prison
Musée
Bureau
Palais
parc
Pavillon
Plante
Théâtre
théâtre
Camp de prisonniers
Pub
Ranch
Refuge
Camp de réfugiés
Recours
Restaurant
École
Station de ski
Carré
Gare
Stade
rue
Théâtre
Théâtre
La tour
Piste
Piste
mur
zoo
Bâtiment fédéral
bâtiment fédéral
camp de prisonniers
Camp de réfugiés
école
Hilton
cimetière
Les studios