able seaman
able-bodied seaman
absolver
academic administrator
acolyte
adjutant
adjutant general
administrative official
Administrator
administrator
admiral
admiralty
Advisor
aeronaut
agent
aggressor
agricultural laborer
agricultural labourer
Agriculture Secretary
aide
aide-de-camp
air hostess
aircraftman
aircraftsman
aircrewman
airman
airwoman
almoner
altar boy
amah
amanuensis
Ambassador
ambassador
Ambassadors
ambassadress
analyst
angler
animal stuffer
animal trainer
anthologist
apotheosis
application developer
Application Developer
appointee
archbishop
archdeacon
archduchess
archduke
archpriest
aristocrat
armiger
armor-bearer
armorer
armourer
army officer
arranger
arrowsmith
art director
art editor
artificer
artilleryman
artisan
artist's model
assessor
assistant
assistant foreman
attendant
Attorney General
auto-mechanic
auxiliary
aviator
aviatress
aviatrix
ayah
baas
bacchant
bacchante
bachelor
bachelor-at-arms
backbencher
baggageman
bagger
bagman
bailiff
baker
balloonist
bank commissioner
banneret
barber
bargee
bargeman
barkeep
barkeeper
barmaid
barman
barnstormer
baron
baroness
baronet
barrel maker
bart
bartender
baseball coach
basketball coach
batman
batting coach
beadle
beautician
bell captain
bell founder
bellboy
bellhop
bellman
bellwether
best man
bey
bill poster
bill sticker
bishop
blackleg
blacksmith
bluejacket
boater
boatman
boatswain
body servant
bombardier
book agent
bookbinder
bos'n
boss
bosun
bo'sun
boxer
brakeman
brass hat
bread maker
breadwinner
breaker
bricklayer
bridesmaid
brigadier
brigadier general
bronco buster
buck private
buckaroo
bunny girl
bureaucrat
burgomaster
burgrave
busboy
bushwhacker
business editor
business executive
butcher
butler
C.E.O.
C.F.O.
cabin boy
Cabinet Member
Cabinet Minister
cabinet minister
cabinetmaker
caddie
calligrapher
calligraphist
campaigner
Candidate
candidate
candy striper
cannon fodder
cannoneer
canoeist
canon
cantor
canvasser
captain
carabineer
carabinier
cardinal
caretaker
carhop
car-mechanic
carpenter
carpet knight
carrier
carter
cartwright
carver
caseworker
Catholic deacon
cat's-paw
cattleman
cavalier
cavalryman
celebrant
censor
census taker
CEO
ceramicist
ceramist
CFO
chair
chairman
Chairman of the Board
chairman of the board
Chairman Of The Board
Chairman of The Board
chairperson
chairwoman
chambermaid
champion
chancellor
Chancellor of the Exchequer
chaplain
char
charcoal burner
charge d'affaires
charge of quarters
charioteer
charwoman
chatelaine
check girl
checker
cheerleader
chef
chevalier
chief
chief assistant
Chief Engineer
Chief Executive
chief executive
chief executive officer
Chief Executive Officer
Chief Financial Officer
Chief Information Officer
Chief Inspector
chief justice
chief of staff
chief of state
Chief Operating Officer
chief operating officer
chief petty officer
Chief Scientist
Chief Secretary
chieftain
chimneysweep
chimneysweeper
choragus
church officer
churchman
churchwarden
cicerone
city editor
city father
city manager
civic leader
civil leader
civil servant
cleaner
cleaning lady
cleaning woman
clergyman
cleric
clerk
clockmaker
clocksmith
coach
coachbuilder
coachman
coal miner
coalman
coastguardsman
Cofounder
co-founder
coiffeur
coiffeuse
collectivist
collector of internal revenue
collier
colonel
color bearer
color guard
color sergeant
commandant
commander
commander in chief
commanding officer
commando
Commerce Secretary
commercial traveler
commercial traveller
commie
Commissar
commissar
commissioned officer
commissioner
Commissioner
commodore
communist
Communist
companion
company man
compositor
Comptroller
Comptroller General
Comptroller of the Currency
Comrade
comte de Saxe
conditioner
Confederate soldier
confessor
congressman
Congressman
congresswoman
conscript
consul
Consultant
Consultant Paediatrician
Controller
Controller, Western Canada
convener
cook
cookie
cooky
cooper
coordinator
copilot
coppersmith
copy editor
copyist
copyreader
copywriter
cordon bleu
cornhusker
corporal
corporate executive
corporate financier
cosmetician
Councilman
Counsel
counsellor
counselor
counterman
countess
coureur de bois
courtier
cover girl
cowboy
cowgirl
cowhand
cowherd
cowman
cowpoke
cowpuncher
cox
coxswain
crackerjack
craftsman
crew member
crewman
cropper
crossbencher
crown prince
crown princess
cuirassier
cupbearer
curate
cutter
czarina
czaritza
dairymaid
dairyman
dauphin
day laborer
day labourer
deacon
deaconess
dean
decision maker
deckhand
Defense Minister
Defense Secretary
delivery boy
deliveryman
demigod
Democrat
demonstrator
dental assistant
dental hygienist
dental technician
denturist
department head
Deputy
deputy
Deputy Assistant Defense Secretary
Deputy Foreign Minister
desk clerk
desk officer
Developer
Development Engineer
devil dog
diemaker
diesinker
digger
dining-room attendant
diocesan
Diplomat
diplomat
diplomatic minister
diplomatist
director
Director
Director of Communications
Director of Finance
Director of Marketing
Director Of Public Affairs
Director of Public Affairs
director of research
dishwasher
disinfestation officer
dispatcher
district manager
ditch digger
dock worker
docker
dockhand
dock-walloper
dog catcher
doge
dogsbody
domestic
domestic help
domine
dominee
dominie
dominus
doorkeeper
draftee
draftsman
draftsperson
dragoon
draughtsman
dresser
dressmaker's model
drill instructor
drill master
driver
drover
drudge
druid
drummer
duchess
duke
dustman
Dvm
dyer
earl
earner
ecclesiastic
editor
Education Secretary
elder
elder statesman
elected official
electrician
embalmer
embassador
Embassador
employee
employer
enforcer
engineer
Engineer
Engineering Manager
engraver
enlisted man
enlisted person
enlisted woman
ensign
envoy
envoy extraordinary
equerry
escort
esquire
evangelist
event planner
excavator
exciseman
executive
Executive
executive director
Executive Director, Americas and Direct Market Operations
executive officer
executive secretary
executive vice president
Executive Vice-President, Corporate Services
Executive Vice-President, Information Technologies
Executive VP
ex-mayor
ex-president
ex-serviceman
facilitator
factory worker
factotum
falconer
famulus
farm worker
farmerette
farmhand
farrier
fashion arbiter
fashion model
Father
father
favorite son
favourite son
federal agent
federal official
Federalist
fellah
female aristocrat
female monarch
ferryman
field marshal
field officer
field-grade officer
fieldhand
fighter pilot
file clerk
filer
filibuster
filibusterer
filing clerk
fille de chambre
finance director
finance minister
financier
fire marshall
fire warden
fireman
first lieutenant
first mate
first sergeant
fisher
fisherman
flag captain
flag officer
flamen
fleet admiral
flight attendant
Flight Engineer
flight engineer
floor leader
floorwalker
flunkey
flunky
foot soldier
football coach
footman
footslogger
foreign minister
Foreign Official
foreman
forest fire fighter
forewoman
forger
forty-niner
founder
fowler
framer
freelance
fresh fish
frontbencher
fry cook
full admiral
full general
functionary
fund manager
funeral director
fusilier
gaffer
galley slave
gandy dancer
ganger
garbage collector
garbage man
gardener
garment cutter
gas fitter
gasman
gaucho
gem cutter
General Manager
general manager
general officer
General Secretary
generalissimo
gentleman
gentleman's gentleman
gilder
gillie
girl Friday
glassblower
glasscutter
glassworker
glazer
glazier
gleaner
goatherd
goatherder
gold digger
gold miner
gold panner
goldbeater
goldbrick
goldsmith
goldworker
golf caddie
gondolier
gondoliere
gospeler
gospeller
Gov.
government minister
Governor
governor
governor general
Governor General
grand duchess
grand duke
grandee
gravedigger
grayback
grease monkey
grenade thrower
grenadier
grocery boy
groom
groomsman
groundskeeper
groundsman
group captain
guard of honor
guardsman
gunner
gunnery sergeant
gunsmith
guvnor
hack
hairdresser
hairstylist
handler
handmaid
handmaiden
handyman
harpooneer
harpooner
harvester
hatcheck girl
hatchet man
hawker
hazan
head of household
head of state
head waiter
headman
hearing examiner
hearing officer
helmsman
helper
herder
herdsman
hero
hewer
hierarch
high commissioner
High Commissioner
high priest
Highlander
hired hand
hired man
hireling
hirer
hockey coach
hod carrier
hodman
holdover
Home Secretary
honcho
honor guard
hoodoo
horse wrangler
horseshoer
hospital attendant
hospital chaplain
hosteller
hostess
hostler
hotel clerk
hotel desk clerk
hotel manager
hotelier
hotelkeeper
hotelman
house painter
house servant
housebreaker
housekeeper
housemaid
housewrecker
housing commissioner
hunter
huntress
huntsman
hussar
iceman
imam
imaum
incumbent
indexer
Indian chief
Industry and Commerce Minister
infantryman
initiator
insider
inspector general
instigator
Interim Vice President - Operations
interior minister
Interior Minister
Interior Secretary
internal revenue agent
internationalist
internuncio
interpreter
invigilator
Jack-tar
Janissary
Jd
jobholder
joiner
journeyman
judge
judge advocate
judge advocate general
jurist
Justice Minister
justice of the peace
justiciar
justiciary
King
knacker
knight
knight bachelor
knight banneret
knight of the square flag
Knight Templar
knight-errant
labor leader
Labor Secretary
laborer
labourer
Labourite
lackey
lady-in-waiting
lady's maid
lama
lamplighter
lance corporal
lancer
land agent
landgrave
lapidary
lapidist
lascar
lasher
laundress
laundryman
laundrywoman
lawgiver
lawmaker
Lawyer
Lead Engineer
leader
Leader
leatherneck
ledgeman
leftist
left-winger
legal assistant
legionary
legionnaire
legislator
lens maker
letter carrier
lieutenant
lieutenant colonel
lieutenant commander
lieutenant general
lieutenant governor
lieutenant JG
lieutenant junior grade
life peer
lifeguard
lifesaver
light colonel
lighterman
line coach
line officer
line worker
lineman
linesman
linkboy
linkman
lion-hunter
litter-bearer
liveryman
Llb
loader
lobsterback
lobsterman
Local Government Officials
Local Mayor
lockkeeper
lockman
lockmaster
locksmith
longshoreman
lord
Lord Chancellor
Lord High Chancellor
Lord Mayor
Lord Privy Seal
lumper
macebearer
macer
machine gunner
machine politician
machinist
magistrate
magus
maharaja
maharajah
maharanee
maharani
mahout
maid
maidservant
mail carrier
mail clerk
mailman
maintenance man
maitre d'hotel
major-domo
major-general
majority leader
male aristocrat
man Friday
man of the cloth
manager
Manager
manageress
Managing Director
managing director
managing editor
manakin
man-at-arms
mandarin
manicurist
manikin
mannequin
mannikin
manservant
manual laborer
mapper
marcher
marchioness
margrave
Marine
mariner
marquess
marquis
marquise
marshal
marshall
Marshall
mason
master
master sergeant
master-at-arms
mayor
Mayor
mayoress
Md
mechanic
medical social worker
medicine man
Member of Parliament
mender
mesne lord
metalworker
midinette
milady
military chaplain
military governor
military leader
military man
military officer
military personnel
military volunteer
militiaman
milkmaid
milkman
miller
mill-girl
mill-hand
millwright
milord
miner
mineworker
minister
minister of finance
minister plenipotentiary
ministrant
minority leader
Minuteman
mistress
mixologist
model
moderator
monitor
Monsignor
mortician
mud digger
Mugwump
mule driver
mule skinner
muleteer
musketeer
national leader
National Security Advisor
naval officer
navigator
navvy
navy man
newsboy
newspaper editor
noble
nobleman
noblewoman
nominee
noncandidate
non-Christian priest
noncom
noncombatant
noncommissioned officer
notary
notary public
nuncio
Nurse
nurse's aide
nursing aide
oarsman
oarswoman
odd-job man
office boy
office-bearer
officeholder
officer
official
Officials
oilman
optician
orderly
orderly sergeant
ordinand
organization man
organizer
ostler
overseer
oyabun
packer
paddler
padre
Padre
padrone
painter
palatine
palsgrave
pantryman
paperboy
paperer
paperhanger
paralegal
paramedic
paraprofessional
paratrooper
pardoner
park commissioner
Parliamentarian
parlormaid
parlourmaid
parson
part-timer
party boss
party liner
party man
party whip
pastor
pastry cook
paterfamilias
patriarch
patrician
peacekeeper
peasant
peeler
peer
peer of the realm
peeress
pencil pusher
pendragon
penpusher
pensionary
peon
persona grata
persona non grata
petty officer
photographer''s model
piano tuner
picker
pigman
pilot
pinko
pin-up
pipe fitter
pitching coach
pitman
placeman
placeseeker
plasterer
platelayer
pledge taker
plenipotentiary
plotter
ploughman
ploughwright
plowman
plowwright
plumber
point man
point woman
police commissioner
political boss
political commissar
political hack
political leader
politician
politico
pontiff
pope
porter
poser
postal clerk
postman
postmaster
postmaster general
postmistress
potboy
pothunter
potman
potter
powder monkey
power worker
power-station worker
praetor
preacher
preacher man
prebendary
prefect
prelate
Premier
premier
Premier Ministre
presbyter
preserver
President of the United States
President-elect
President-Elect
presiding officer
Press Secretary
pressman
pretor
priest
priest-doctor
priestess
primate
prime minister
Prime Minister
prince
prince consort
princess
princess royal
prison chaplain
privateer
privateersman
probation officer
processor
proconsul
Proconsul
proctor
procurator
projectionist
prompter
promulgator
proofreader
property man
property master
propman
prospector
Protestant Deacon
provost
Provost
public servant
publican
Pullman porter
puncher
punter
purser
quarrier
quarryman
quartermaster
quartermaster general
queen
queen consort
queen dowager
queen mother
queen regent
queen regnant
rabbi
railroad man
railroader
rail-splitter
railway man
railwayman
raja
rajah
ranch hand
ranee
ranger
rani
ranker
rat-catcher
raw recruit
reaper
rear admiral
receptionist
record-keeper
recruit
recruiting-sergeant
rector
redactor
redcap
redcoat
refiner
refinisher
refuse collector
Regional General Manager
registrar
regulator
renovator
rep
Rep.
repairer
repairman
Reporter
Representative
representative
Republican
research director
reservist
restaurant attendant
reverend
reviser
revisionist
revivalist
rewrite man
rewriter
rifleman
rigger
right-hand man
riveter
rivetter
R-N.Y.
road mender
roadman
role model
roofer
room clerk
roundsman
roustabout
rower
R-S.C.
running mate
sacristan
sailing master
sailor
sailor boy
saint
sales demonstrator
sales manager
salesclerk
salesgirl
saleslady
salesman
salesperson
saleswoman
sandwichman
satrap
sawyer
scene painter
sceneshifter
school superintendent
scourer
scoutmaster
scribe
scrivener
scrutineer
sculler
scullion
sea captain
sea dog
sea lawyer
seafarer
seaman
second lieutenant
second-in-command
secretarial assistant
Secretary
secretary
Secretary General
Secretary of Agriculture
Secretary of Commerce
Secretary of Defense
Secretary of Education
Secretary of Energy
Secretary of Health and Human Services
Secretary of Housing and Urban Development
Secretary of Labor
secretary of state
Secretary of State
Secretary of State for the Home Department
Secretary of the Interior
Secretary of the Treasury
Secretary of Transportation
Secretary of Veterans Affairs
Secretary-Generall
section hand
security director
selectman
selectwoman
self-employed person
senator
seneschal
Senior Director of Program Management
Senior Executive
senior pilot
Senior Software Consultant
Senior Software Developer
Senior Software Engineer
Senior Vice President
senior vice president
Senior Vice President of Clinical Operations
Senior VP
sergeant
sergeant at arms
sergeant first class
serjeant-at-arms
sermonizer
servant
servant girl
serviceman
serving girl
servitor
sexton
shaman
sharecrop farmer
sharecropper
sheepherder
sheepman
Sheik
shepherd
shepherdess
shipboard soldier
shipping clerk
ship's officer
shipwright
shop assistant
shop boy
shop clerk
shop girl
shop mechanic
shopwalker
shorthand typist
sidesman
sign painter
signalman
sire
skilled worker
skipper
skivvy
sky pilot
slaughterer
slave
slave driver
slavey
smith
social secretary
social worker
socialist
soda jerk
soda jerker
Software Consultant
Software Developer
Software Engineer
soldier
solon
sommelier
soundman
speaker
Speaker
spiritual leader
spokesman
Spokesman
Spokesperson
Spokeswoman
sports editor
squire
Sr. Director of Program Management
Sr. Executive
Sr. pilot
Sr. Software Consultant
Sr. Software Developer
Sr. Software Developer
Sr. Software Engineer
Sr. Software Engineer
Sr. vice president
Sr. Vice President
Sr. Vice President of Clinical Operations
Sr. VP
stableboy
stableman
staff member
staff officer
Staff Reporter
staff sergeant
staffer
stage director
stage manager
stage technician
stagehand
stager
stalker
stalking-horse
standard-bearer
state senator
statesman
station agent
stationmaster
steeplejack
steersman
stenographer
stevedore
steward
stewardess
stipendiary magistrate
stoker
stone breaker
stone cutter
stonecutter
stonemason
straw boss
street cleaner
street sweeper
stretcher-bearer
strike leader
strikebreaker
striker
striver
stunt flier
stunt pilot
stylist
subaltern
subeditor
sublieutenant
submariner
suffragan
suffragan bishop
superintendent
superman
superordinate
supervisor
supply officer
supporter
surgeon general
sweep
swineherd
tally clerk
tallyman
tamer
tank driver
tanker
tanner
tapster
taskmaster
taskmistress
taste-maker
tax assessor
tax collector
taxidermist
taxman
Teacher
Team Lead
Team Leader
teamster
technical sergeant
technician
technocrat
telecoms analyst
televangelist
teller
temporary worker
tennis coach
territorial
test pilot
text editor
thane
thatcher
theater prompter
throwster
thurifer
timekeeper
tinker
tinsmith
toiler
toll agent
toll collector
toller
tollgatherer
tollkeeper
tollman
tolltaker
torchbearer
touch-typist
town clerk
tracker
tracklayer
trade unionist
trail boss
trainbearer
trained worker
trainer
trainman
trainmaster
Transportation Secretary
trapper
traveling salesman
travelling salesman
Treasurer
Treasury
Treasury Secretary
trend-setter
trial judge
tribal chief
trier
triumvir
troller
trooper
trouble shooter
troubleshooter
tsarina
tsaritsa
tuner
turncock
turner
typesetter
typist
typographer
tzarina
undersecretary
undertaker
union member
unionist
unpaid worker
upholsterer
usher
usherette
utility man
V. P.
valet
valet de chambre
vaquero
varlet
verger
vestal virgin
vestryman
vestrywoman
vet
veteran
veteran soldier
vicar
vicar apostolic
Vicar of Christ
vicar-general
vice admiral
vice chairman
vice chancellor
Vice President
vice president
Vice President - Operations
Vice President of Business Development
Vice President of Business Development and Worldwide Sales
Vice President of Sales
Vice President, Finance - Operations
Vice -President, Marketing
Vice-President
Vice-President, Business Development
Vice-President, Human Resources
Vice-President, Sales
vice-regent
vicereine
viceroy
vigilance man
vigilante
viscount
viscountess
vizier
voluntary
volunteer
votary
vote counter
VP
wage earner
waggoner
waggonwright
wagoner
wagonwright
wainwright
waiter
waiter's assistant
waitress
wallah
ward-heeler
warehouseman
warehouser
warlord
warrant officer
washer
washerman
washerwoman
washwoman
water boy
water dog
water rat
waterman
weaver
Web Developer
web developer
welder
welfare worker
whaler
wheelwright
Whig
whipper-in
window cleaner
window dresser
window trimmer
window washer
wine steward
wine waiter
wing commander
wingman
woodcarver
woodcutter
woodman
woodsman
woodworker
working girl
working man
working person
workman
workmate
wrangler
wrecker
wright
write-in candidate
yachtsman
yachtswoman
yardmaster
matelot
matelot
absolver
administrateur académique
acolyte
adjudant
adjudant général
fonctionnaire administratif
Administrateur
administrateur
amiral
amirauté
Conseiller
aéronaute
agent
agresseur
ouvrier agricole
ouvrier agricole
Secrétaire à l'agriculture
aide
aide de camp
hôtesse de l'air
Avion
aéronef
membre d'équipage
aviateur
femme de l'air
almoner
autel garçon
amah
secrétaire
Ambassadeur
ambassadeur
Ambassadeurs
ambassadrice
analyste
pêcheur
fourre-tout animal
dompteur d'animaux
anthologiste
apothéose
Développeur d'applications
Développeur d'applications
nommé
archevêque
archidiacre
archiduchesse
archiduc
archiprêtre
aristocrate
armiger
porteur d'armure
armurier
armurier
officier de l'armée
arrangeur
arrowsmith
directeur artistique
éditeur d'art
artificier
artilleur
artisan
modèle de l'artiste
assesseur
assistant
contremaître adjoint
préposé
procureur général
mécanicien automobile
auxiliaire
aviateur
aviatress
aviatrix
ayah
baas
bacchant
bacchante
bachelier
célibataire
backbencher
baggageman
bagger
intermédiaire
huissier
boulanger
aéronaute
commissaire de banque
banneret
coiffeur
marinier
marinier
barkeep
barman
barmaid
barman
orateur électoral
baron
baronne
baronnet
tonnelier
bart
barman
entraîneur de baseball
entraîneur de basket-ball
homme chauve-souris
entraîneur au bâton
bedeau
esthéticien
capitaine de cloche
fondateur de la cloche
groom
groom
bellman
sonneur
meilleur homme
bey
affiche de facture
autocollant de facture
évêque
jambe noire
forgeron
manteau bleu
canotier
passeur
maître de bateau
serviteur du corps
bombardier
agent de livres
relieur
bos'n
patron
bosun
bo'sun
boxeur
freineur
chapeau en laiton
machine a pain
soutien de famille
briseur
maçon
demoiselle d'honneur
brigadier
brigadier général
Bronco Buster
buck privé
Buckaroo
fille déguisée en lapin
bureaucrate
bourgmestre
burgrave
busboy
Bushwhacker
rédacteur en chef
dirigeant d'entreprise
Boucher
majordome
PDG.
CFO.
garçon de cabine
Membre du cabinet
Ministre du cabinet
ministre du cabinet
ébéniste
caddie
calligraphe
calligraphiste
militant
Candidat
candidat
Bonbonnière
chair à canon
canonnier
canoéiste
canon
chantre
solliciter
capitaine
mousqueton
carabinier
cardinal
le concierge
carhop
mécanicien automobile
Charpentier
tapis chevalier
transporteur
charretier
charron
sculpteur
travailleur social
Diacre catholique
patte de chat
vacher
cavalier
cavalier
célébrant
censurer
recenseur
PDG
céramiste
céramiste
CFO
chaise
président
Président du Conseil
Président du Conseil
Président du Conseil
Président du Conseil
président
présidente
femme de chambre
champion
chancelier
chancelier de l'Échiquier
aumônier
carboniser
brûleur à charbon
chargé d'affaires
charge de quartiers
conducteur de char
femme de ménage
chatelaine
chèque fille
vérificateur
Majorette
chef
chevalier
chef
assistant en chef
Ingénieur en chef
Directeur général
directeur général
Directeur Général
Directeur Général
Directeur financier
Directeur de l'information
Inspecteur en chef
juge en chef
chef d'équipe
chef d'état
Président directeur général
Président directeur général
premier maître de police
Directeur scientifique
Secrétaire en chef
chef de clan
ramoneur
ramoneur
choragus
officier d'église
ecclésiastique
marguillier
cicérone
éditeur de la ville
père de la ville
directeur de la ville
leader civique
chef civil
fonctionnaire d'Etat
nettoyeur
femme de ménage
Femme de ménage
pasteur
clerc
employé de bureau
horloger
horloger
entraîneur
carrossier
cocher
mineur de charbon
charbonnier
garde-côtes
Cofondateur
co-fondateur
coiffeur
coiffeuse
collectiviste
collecteur de revenus internes
charbonnier
colonel
porteur de couleur
garde de couleur
sergent de couleur
commandant
le commandant
commandant en chef
Commandant
commando
Secrétaire du commerce
voyageur commercial
voyageur commercial
commie
Commissaire
commissaire
officier
le commissaire
le commissaire
commodore
communiste
communiste
un compagnon
homme de compagnie
compositeur
Contrôleur
Contrôleur général
Contrôleur de la monnaie
Camarade
comte de Saxe
Conditionneur
Soldat confédéré
confesseur
membre du Congrès
Membre du Congrès
membre du Congrès
conscrit
consul
Consultant
Pédiatre consultant
Manette
Contrôleur, Ouest canadien
organisateur
cuisinier
biscuit
des biscuits
tonnelier
coordinateur
copilote
chaudronnier
éditeur de copie
copiste
copyreader
rédacteur publicitaire
cordon bleu
cornhusker
corporel
cadre
financier d'entreprise
cosméticien
Conseiller municipal
Conseil
conseiller
conseiller
contremaître
comtesse
coureur de bois
courtisan
fille de couverture
cow-boy
cowgirl
cowhand
vacher
vacher
cowpoke
cowpuncher
barreur
barreur
crackerjack
artisan
membre d'équipage
équipier
rogneur
crossbencher
Prince héritier
princesse de la couronne
cuirassier
échanson
vicaire
coupeur
tsarine
czaritza
fille de laiterie
laitier
dauphin
journalier
journalier
diacre
diaconesse
doyen
décideur
matelot
Ministre de la Défense
Secrétaire à la défense
livreur
livreur
demi-dieu
Démocrate
démonstrateur
assistante dentaire
hygiéniste dentaire
technicien dentaire
denturologiste
chef de département
Adjoint
adjoint
Sous-secrétaire adjoint à la défense
Vice-ministre des affaires étrangères
réceptionniste
officier de bureau
Développeur
Ingénieur en Développement
Ingénieur développement
chien diable
diemaker
Diesinker
excavateur
préposé à la salle à manger
diocésain
Diplomate
diplomate
ministre diplomatique
diplomate
réalisateur
Réalisateur
Directeur des communications
Directeur des Finances
Directeur du marketing
Directeur des affaires publiques
Directeur des affaires publiques
directeur de recherche
Lave-vaisselle
agent de désinfestation
répartiteur
chef de district
creuseur de fossé
docker
docker
dockhand
dock-walloper
attrape-chien
doge
bon à tout faire
national
aide domestique
domine
dominee
dominie
dominus
portier
recrue
un dessinateur
dessinateur
dragon
un dessinateur
commode
modèle de couturière
sergent instructeur
perceuse maître
chauffeur
drover
peiner
druide
le batteur
duchesse
Duc
éboueur
Dvm
teinturier
comte
salarié
ecclésiastique
éditeur
Secrétaire de l'éducation
aîné
ancien homme d'État
élu
électricien
embaumeur
ambassadeur
Ambassadeur
employé
employeur
exécuteur
ingénieur
Ingénieur
Directeur de l'Ingénierie
graveur
homme enrôlé
personne enrôlée
femme enrôlée
insigne
envoyé
envoyé extraordinaire
écuyer
escorte
écuyer
évangéliste
planificateur d'événements
pelle
exciseman
exécutif
Exécutif
directeur exécutif
Directeur exécutif, Amériques et opérations sur le marché direct
directeur général
secrétaire de direction
Vice-président exécutif
Vice-président exécutif, services corporatifs
Vice-président exécutif, Technologies de l'information
VP exécutif
ex-maire
ex-président
ancien militaire
animateur
ouvrier
factotum
fauconnier
famulus
fermier
ferme
ouvrier agricole
maréchal-ferrant
arbitre de mode
mannequin
Père
père
fils préféré
fils préféré
agent fédéral
fonctionnaire fédéral
Fédéraliste
fellah
aristocrate féminine
femme monarque
passeur
maréchal
agent de terrain
agent de terrain
manœuvre de terrain
pilote de chasse
Archiviste
déposant
obstruction
filibuster
commis au classement
fille de chambre
directeur des finances
ministre des Finances
financier
commissaire des incendies
garde-feu
pompier
premier lieutenant
second
sergent chef
pêcheur
pêcheur
capitaine du drapeau
officier de drapeau
flamen
Amiral de la flotte
Agent de bord
Mécanicien de bord
mécanicien de bord
chef de sol
trotteur
larbin
laquais
fantassin
Coach de football
valet de pied
enregistreur de pieds
ministre des Affaires étrangères
Fonctionnaire étranger
contremaître
pompier forestier
contremaîtresse
faussaire
quarante heures
fondateur
chasseur
encadreur
free-lance
poisson frais
frontbencher
frire cuisinier
Amiral complet
général complet
fonctionnaire
le chef du financement
directeur des pompes funèbres
fusilier
gaffer
galère esclave
Gandy Dancer
ganger
Éboueur
éboueur
jardinier
coupe-vêtement
installateur de gaz
gasman
gaucho
coupe-pierre
Directeur général
directeur général
officier général
Secrétaire général
généralissime
gentilhomme
monsieur gentleman
doreur
Gillie
fille vendredi
souffleur de verre
coupeur de verre
verrier
vitre
vitrier
glaneur
chevrier
éleveur de chèvre
chercheur d'or
chercheur d'or
orpailleur
batteur d'or
lingot d'or
orfèvre
ouvrier d'or
caddy de golf
gondolier
gondoliere
évangélisateur
Gospeller
Gouvernement
ministre du gouvernement
Gouverneur
gouverneur
gouverneur général
Gouverneur général
grande duchesse
grand Duc
grande
fossoyeur
gris
mécano
lanceur de grenade
grenadier
épicier
jeune marié
garçon d'honneur
jardinier
homme de terrain
capitaine de groupe
garde d'honneur
garde
canonnier
sergent d'artillerie
armurier
guvnor
pirater
coiffeur
coiffeur
gestionnaire
servante
servante
bricoleur
harpionneur
harponneur
moissonneuse
fille à hachures
homme à la hache
colporteur
Hazan
chef de ménage
chef d'état
Maître d'hôtel
chef
auditeur auditeur
agent d'audience
timonier
assistant
berger
berger
héros
tailleur
hiérarque
haut-Commissaire
Haut-Commissaire
grand prêtre
Highlander
mercenaire
homme engagé
mercenaire
locataire
entraîneur de hockey
porteur de hod
apprenti
tenue
Secrétaire de maison
honcho
Garde d'honneur
poisse
cheval harceleur
horsehoer
préposé d'hôpital
aumônier d'hôpital
hôtelier
hôtesse
hostler
réceptionniste de l'hôtel
commis de bureau d'hôtel
directeur de l'hôtel
hôtelier
maître d'hôtel
hôtelier
peintre en bâtiment
domestique
cambrioleur
gouvernante
femme de chambre
la ménagère
commissaire au logement
chasseur
chasseresse
chasseur
hussard
iceman
imam
imaum
titulaire
indexeur
chef indien
Ministre de l'industrie et du commerce
fantassin
initiateur
initié
inspecteur général
instigateur
Vice-président intérimaire - Opérations
ministre de l'Intérieur
Ministre de l'Intérieur
Secrétaire à l'intérieur
agent de revenus interne
internationaliste
internuncio
interprète
surveillant
Goudron
Janissaire
Jd
titulaire du poste
menuisier
compagnon
juge
juge avocat
juge avocat général
juriste
ministre de la Justice
justice de paix
justiciar
justicier
Roi
équarrisseur
Chevalier
chevalier célibataire
chevalier banneret
chevalier du drapeau carré
Chevalier templier
chevalier errant
dirigeant syndical
Secrétaire du travail
ouvrier
ouvrier
Travailliste
laquais
dame d'honneur
femme de ménage
lama
allumeur de réverbères
caporal
lancier
agent foncier
landgrave
lapidaire
lapidiste
lascar
lasher
blanchisseuse
buanderie
blanchisseuse
législateur
législateur
Avocat
Ingénieur en chef
chef
Chef
Cachemire
Ledgeman
gauchiste
ailier gauche
assistant juridique
légionnaire
légionnaire
législateur
fabricant de lentilles
postier
lieutenant
lieutenant colonel
lieutenant-commandant
lieutenant général
lieutenant gouverneur
lieutenant JG
grade junior lieutenant
pair de vie
sauveteur
sauveteur
colonel léger
allumeur de réverbères
coach de ligne
officier de ligne
travailleur de ligne
joueur de ligne
juge de touche
Linkboy
speaker
chasseur de lion
porteur de litière
livreur
Llb
chargeur
le homard
lobsterman
Fonctionnaires du gouvernement local
Maire local
serrurier
lockman
serrurier
serrurier
débardeur
Seigneur
Lord Chancelier
Lord Chancelier
Lord Maire
Lord Sceau Privé
ouvrier du bâtiment
macebearer
macer
mitrailleur
machine politique
machinist
magistrat
mage
maharaja
maharaja
maharanee
maharani
cornac
Femme de ménage
servante
postier
commis au courrier
facteur
l'homme d'entretien
maître d'hôtel
majordome
major général
chef de la majorité
aristocrate masculin
homme vendredi
homme de la toile
directeur
Directeur
directrice
Directeur général
directeur général
rédacteur en chef
manakin
homme d'armes
mandarin
manucure
mannequin
mannequin
mannikin
valet
ouvrier manuel
cartographe
marcheur
marquise
margrave
Marin
marin
marquis
marquis
Marquise
maréchal
marshall
Marshall
le maçon
maîtriser
sergent-chef
maître d'armes
maire
Maire
femme du maire
Maryland
mécanicien
travailleur social médical
sorcier
Député
celui qui raccommode
seigneur seigneur
ouvrier métallurgiste
midinette
milady
aumônier militaire
gouverneur militaire
chef militaire
militaire
officier militaire
personnel militaire
volontaire militaire
milicien
trayeuse
laitier
meunier
mill-girl
ouvrier des filatures
mécanicien de chantier
milord
mineur
travailleur des mines
ministre
Ministère des finances
ministre plénipotentiaire
ministrant
leader minoritaire
Minuteman
maîtresse
mixologue
modèle
modérateur
moniteur
Monseigneur
entrepreneur de pompes funèbres
creuseur de boue
Mugwump
muletier
muletière
muletier
mousquetaire
leader national
Conseiller en sécurité nationale
Officier naval
navigateur
terrassier
homme de la marine
vendeur de journaux
rédacteur en chef
noble
noble
noble
candidat
non censuré
prêtre non chrétien
noncom
non-combattant
officier non-assigné
notaire
notaire
nonce
Infirmière
aide infirmière
aide infirmière
rameur
femme rousse
homme de petit boulot
garçon de bureau
porte-bureau
titulaire de charge
officier
officiel
Les officiels
pétrolier
opticien
ordonné
sergent ordonné
ordinand
homme d'organisation
organisateur
ostler
surveillant
oyabun
emballeur
pagayeur
padre
Padre
padrone
peintre
palatin
palsgrave
garde-manger
paperboy
paperer
paperhanger
parajuriste
paramédical
paraprofessionnel
parachutiste
pardon
commissaire du parc
Parlementaire
femme de chambre
femme de chambre
pasteur
à temps partiel
chef de parti
paquebot
homme de fête
fouet de fête
pasteur
pâtissier
pater familias
patriarche
patricien
casque bleu
paysan
éplucheur
pair
pair du royaume
pairesse
crayon pousseur
pendentif
Pénusier
pensionnaire
péon
persona grata
persona non grata
maître
modèle du photographe
accordeur de piano
cueilleur
pigman
pilote
pinko
afficher
tuyauteur
entraîneur de tangage
pitman
placeman
placeseeker
plâtrier
poseur de rails
preneur
plénipotentiaire
traceur
laboureur
ploughwright
laboureur
charronnier
plombier
homme de pointe
point femme
commissaire de police
patron politique
commissaire politique
piratage politique
dirigeant politique
politicien
politico
pontife
le pape
porter
poseur
commis aux postes
facteur
maître de poste
postmaster général
receveuse des postes
potboy
chasseur acharné de trophées
potman
potier
singe en poudre
ouvrier
ouvrier de centrale
praetor
prédicateur
prédicateur
prébendier
préfet
prélat
Premier
premier
Premier ministre
prêtre
conservateur
Le président des Etats-Unis
Président élu
Président élu
président d'élection
Attaché de presse
journaliste
prétoire
prêtre
prêtre-docteur
prêtresse
primate
premier ministre
premier ministre
prince
prince consort
Princesse
princesse royale
aumônier de prison
corsaire
soldat
contrôleur judiciaire
processeur
proconsul
Proconsul
procureur
procureur
projectionniste
souffleur
promulgateur
correcteur
homme de la propriété
maître de propriété
propman
prospecteur
Diacre protestant
prévôt
Prévôt
fonctionnaire
publicain
Porter Pullman
perforateur
punter
commissaire du bord
carrière
carrière
intendant
quartier général
reine
reine consort
douairière
reine mère
reine régente
reine régnant
rabbin
homme de chemin de fer
cheminot
séparateur de rail
homme de chemin de fer
cheminot
Raja
rajah
main de ranch
ranee
ranger
rani
simple soldat
chasseur de rats
recrue brute
moissonneuse
amiral arrière
réceptionniste
gardien d'archive
recruter
sergent recruteur
recteur
rédacteur
une casquette rouge
manteau rouge
raffineur
finition
éboueur
Directeur Général Régional
greffier
régulateur
réparateur
représentant
représentant
réparateur
dépanneur
Journaliste
Représentant
représentant
Républicain
directeur de recherche
réserviste
préposé au restaurant
révérend
réviseur
révisionniste
revivaliste
réécrire l'homme
rédacteur
fusilier
gréeur
l'homme de droite
riveteuse
riveteuse
R-N.Y.
Mender routier
cantonnier
modèle
couvreur
commis de salle
homme rond
débardeur
rameur
R-S.C.
partenaire de course
sacristain
maître de voile
marin
marin marin
Saint
démonstrateur de vente
directeur commercial
vendeur
vendeuse
vendeuse
vendeur
vendeur
vendeuse
sandwichman
satrape
scieur
peintre de scène
décors
directeur d'école
récureur
chef scout
scribe
scribe
scrutateur
sculler
scullion
capitaine de la marine
chien de mer
avocat de la mer
marin
marin
sous lieutenant
commandant en second
assistant de secrétariat
secrétaire
secrétaire
secrétaire général
Secrétaire d'agriculture
Secrétaire du commerce
secrétaire de la Défence
Secrétaire de l'éducation
Secrétaire de l'énergie
Secrétaire de la santé et des services sociaux
Secrétaire au logement et au développement urbain
Secrétaire du travail
secrétaire d'État
secrétaire d'État
Secrétaire d'État au ministère de l'intérieur
Secrétaire de l'intérieur
Secrétaire du trésor
Secrétaire des transports
Secrétaire des affaires des anciens combattants
Secrétaire général
main de section
directeur de la sécurité
selectman
selectwoman
auto-employeur
sénateur
séneschal
Directeur principal de la gestion des programmes
Cadre supérieur
pilote principal
Senior Software Consultant
DEVELOPPEUR de logiciel confirmé
Ingénieur Logiciel Senior
Senior Vice President
vice-président senior
Vice-président senior des opérations cliniques
Senior VP
sergent
sergent d'armes
sergent première classe
sergent d'armes
sermonneur
serviteur
servante
militaire
fille de service
serviteur
sacristain
chaman
agriculteur
métayer
berger
mouton
Cheik
berger
bergère
soldat de bord
Commis d'expédition
officier de navire
charpentier
vendeur
garçon de magasin
commis de magasin
fille de magasin
mécanicien de magasin
marchande
sténotypiste
sideman
signe peintre
signaleur
sire
ouvrier qualifié
skipper
boniche
aumônier
massacreur
esclave
négrier
boniche
forgeron
secrétaire social
travailleur social
socialiste
soda jerk
soda jerker
Consultant Informatique
Consultant
Consultant en logiciels
Développeur de logiciels
Ingénieur logiciel
soldat
solon
sommelier
preneur de son
orateur
Orateur
leader spirituel
porte-parole
Porte-parole
Porte-parole
Porte-parole
rédacteur sportif
écuyer
Directeur principal de la gestion du programme
Sr. Executive
Pilote principal
Consultant principal en logiciels
Développeur logiciel senior
Développeur logiciel senior
Ingénieur logiciel senior
Ingénieur logiciel senior
Vice-président principal
Vice-président principal
Vice-président principal des opérations cliniques
Sr. VP
garçon d'écurie
écuyer
membre du staff
officier d'état major
Reporter du personnel
sergent-chef
membre du personnel
directeur de stage
régisseur
technicien de scène
machiniste
mise en scène
harceleur
cheval de traque
porte-drapeau
sénateur de l'état
homme d'État
agent de gare
chef de gare
steeplejack
timonier
sténographe
débardeur
intendant
hôtesse
magistrat stipendiaire
chauffeur
briseur de pierre
tailleur de pierre
tailleur de pierre
tailleur de pierre
patron de paille
éboueur
balayeur
brancardier
chef de grève
briseur de grève
le buteur
lutteur
cascadeur
pilote de cascadeur
styliste
subalterne
sous-éditeur
sous-locataire
sous-marinier
suffragant
évêque suffragant
surveillant général
Superman
superordonné
superviseur
agent d'approvisionnement
Supporter
Chirurgien général
balayage
swineherd
greffier
maître de trappe
dompteur
chauffeur de char
pétrolier
tanneur
échanson
tyran
maîtresse de tâche
bon goût
expert fiscal
receveur des impôts
taxidermiste
percepteur
Prof
Chef d'équipe
Chef d'équipe
routier
sergent technique
technicien
technocrate
analyste télécoms
télévangéliste
caissier
travailleur temporaire
entraîneur de tennis
territorial
test pilote
éditeur de texte
thane
quecher
souffleur de théâtre
lanceur
thurifer
chronométreur
bricoler
ferblantier
travailleur
agent de péage
collecteur de péage
toller
collecteur de péage
préposé au péage
Pékin
péeur
porteur de flambeau
dactylographe
secrétaire de mairie
traqueur
tracklayer
syndicaliste
chef de piste
porteur de train
travailleur qualifié
entraîneur
formateur
maître de train
Secrétaire aux transports
trappeur
représentant de commerce
Vendeur ambulant
Trésorier
Trésorerie
secrétaire du Trésor
avant gardiste
juge de première instance
chef tribal
trier
triumvir
troller
soldat
tireur d'élite
dépanneur
tsarine
tsaritsa
tuner
tournage
tourneur
compositeur
dactylographe
typographe
Tsarina
sous-secretaire
pompes funèbres
membre du syndicat
unioniste
travailleur non rémunéré
tapissier
huissier
ouvreuse
homme utilitaire
V. P.
valet
valet de chambre
vaquero
varlet
bedeau
vestale vierge
sacristain
sacristaine
vétérinaire
vétéran
vétéran soldat
vicaire
vicaire apostolique
Vicaire du Christ
vicaire général
Vice-amiral
vice-président
vice chancelier
Vice président
vice président
Vice Président - Opérations
Vice-président du développement commercial
Vice-président du développement commercial et des ventes mondiales
Vice-président des ventes
Vice President, Finance - Operations
Vice-président marketing
Vice président
Vice-président, développement des affaires
Vice-président, ressources humaines
Vice-président, ventes
vice-régent
vicereine
vice-roi
homme de vigilance
justicier
vicomte
vicomtesse
vizir
volontaire
bénévole
fervent
compteur de votes
VP
salarié
charretier
Waggonwright
charretier
wagonwright
Wainwright
serveur
assistant de serveur
serveuse
Wallah
Ward-Heeler
manutentionnaire
entreposeur
chef militaire
adjudant
machine à laver
laveur
laveuse
femme de ménage
garçon de l'eau
chien d'eau
rat d'eau
batelier
tisserand
Développeur web
développeur web
soudeur
travailleur social
baleinière
charron
Whig
whipper-in
laveur de vitre
vaisselier
coupe-vitre
laveur de vitres
intendant de vin
sommelier
commandant de l'aile
ailier
sculpteur sur bois
bûcheron
bûcheron
bûcheron
menuisier
une bosseuse
Travailleur
personne travaillant
ouvrier
camarade de travail
cow-boy
dépanneuse
foutu
candidat en écriture
navigateur
navigatrice
chef de triage