zero
one
One
two
Two
three
Three
four
Four
five
Five
six
Six
seven
Seven
eight
Eight
nine
Nine
ten
Ten
eleven
Eleven
twelve
Twelve
thirteen
Thirteen
fourteen
Fourteen
fifteen
Fifteen
sixteen
Sixteen
seventeen
Seventeen
eighteen
Eighteen
nineteen
Nineteen
twenty
twenty-one
twenty-two
twenty-three
twenty-four
twenty-five
twenty-six
twenty-seven
twenty-eight
twenty-nine
Twenty
thirty
thirty-one
thirty-two
thirty-three
thirty-four
thirty-five
thirty-six
thirty-seven
thirty-eight
thirty-nine
Thirty
forty
forty-one
forty-two
forty-three
forty-four
forty-five
forty-six
forty-seven
forty-eight
forty-nine
Forty
fifty
fifty-one
fifty-two
fifty-three
fifty-four
fifty-five
fifty-six
fifty-seven
fifty-eight
fifty-nine
Fifty
sixty
sixty-one
sixty-two
sixty-three
sixty-four
sixty-five
sixty-six
sixty-seven
sixty-eight
sixty-nine
Sixty
seventy
seventy-one
seventy-two
seventy-three
seventy-four
seventy-five
seventy-six
seventy-seven
seventy-eight
seventy-nine
Seventy
eighty
eighty-one
eighty-two
eighty-three
eighty-four
eighty-five
eighty-six
eighty-seven
eighty-eight
eighty-nine
Eighty
ninety
ninety-one
ninety-two
ninety-three
ninety-four
ninety-five
ninety-six
ninety-seven
ninety-eight
ninety-nine
Ninety
hundred
thousand
million
billion
zéro
un
Un
deux
Deux
Trois
Trois
quatre
Quatre
cinq
Cinq
six
Six
Sept
Sept
huit
Huit
neuf
Neuf
Dix
Dix
Onze
Onze
Douze
Douze
treize
Treize
Quatorze
Quatorze
quinze
Quinze
seize
Seize
dix-sept
Dix-sept
dix-huit
Dix-huit
dix-neuf
Dix-neuf
vingt
vingt et un
vingt-deux
vingt trois
vingt quatre
vingt cinq
vingt-six
vingt sept
vingt-huit
vingt-neuf
Vingt
trente
trente et un
trente deux
trente trois
trente quatre
trente cinq
trente-six
trente sept
trente-huit
trente neuf
trente
quarante
quarante-et-un
quarante-deux
quarante trois
quarante-quatre
quarante cinq
quarante-six
quarante-sept
quarante huit
quarante-neuf
Quarante
cinquante
cinquante et un
cinquante-deux
cinquante trois
cinquante quatre
cinquante cinq
cinquante six
cinquante sept
cinquante huit
cinquante neuf
Cinquante
soixante
soixante-et-un
soixante-deux
soixante trois
soixante-quatre
soixante-cinq
soixante six
soixante-sept
soixante-huit
soixante neuf
Soixante
soixante-dix
soixante et onze
soixante-douze
soixante-treize
soixante quatorze
soixante-quinze
soixante seize
soixante-dix sept
soixante dix huit
soixante-dix-neuf
Soixante-dix
quatre-vingts
quatre vingt un
quatre-vingt deux
quatre vingt trois
quatre-vingt-quatre
quatre-vingt-cinq
quatre-vingt six
quatre-vingt sept
quatre vingt huit
quatre vingt neuf
Quatre-vingts
quatre vingt dix
quatre vingt onze
quatre-vingt douze
quatre vingt treize
quatre-vingt quatorze
quatre vingt quinze
quatre vingt seize
quatre-vingt-dix-sept
quatre-vingt-dix-huit
quatre-vingt-dix-neuf
Quatre vingt dix
cent
mille
million
milliard