zeroth
first
second
third
fourth
fifth
fift
sixth
seventh
eighth
ninth
nineth
tenth
eleventh
twelfth
twelveth
twelvth
dozenth
thirteenth
fourteenth
fifteenth
sixteenth
seventeenth
eighteenth
nineteenth
ninteenth
twentieth
twenty-first
twenty-second
twenty-third
twenty-fourth
twenty-fifth
twenty-sixth
twenty-seventh
twenty-eighth
twenty-ninth
twenty first
twenty second
twenty third
twenty fourth
twenty fifth
twenty sixth
twenty seventh
twenty eighth
twenty ninth
thirtieth
thirty-first
thirty first
fortieth
fiftieth
sixtieth
seventieth
eightieth
ninetieth
hundredth
five-hundredth
thousandth
millionth
billionth
trillionth
quadrillionth
quintillionth
sextillionth
septillionth
octillionth
nonillionth
decillionth
undecillion
duodecillionth
duotrigintillionth
vigintillionth
googolth
googolplexth
gazillionth
Zéroth
premier
seconde
troisième
Quatrième
cinquième
fift
sixième
septième
huitième
neuvième
neuf
dixième
onzième
douzième
Twelveth
douzième
dixième
treizième
quatorzième
quinzième
seizième
dix-septième
dix-huitième
dix-neuvième
dix-neuvième
vingtième
vingt et un
vingt secondes
vingt-troisième
vingt-quatrième
vingt-cinquième
vingt six
vingt-sept
vingt-huit
vingt-neuf
vingt et un
vingt secondes
vingt-troisième
vingt-quatrième
vingt-cinquième
vingt six
vingt-sept
vingt-huit
vingt-neuf
trentième
trente et un
trente et un
quarantième
cinquantième
soixantième
soixante-dixième
huitième
quatre-vingt-dixième
centième
cinq centième
millième
millionième
milliardième
trillionth
quadrillionth
quintillionth
sextillionth
septillionth
octillionth
non-milliardième
decillionth
undecillion
duodecillionth
duotrigintillionth
vigintillionth
googolth
googolplexth
gazillionth