ASSOCIATES
Acquisition
Affaires
Affairs
Aircraft
Airlines
Airways
Associates
Assurance
Aviation
Bancorp
Boat Company
Boats
Brands
Brewery
Capital
Care
Chemicals
Chronicle
Circus
Coalition
Committee
Communications
Computer
Consulting
Containers
Corps
Department Store
Design
Drew
Drilling
Education
Electric
Electricity
Electriques
Energie
Engines
Enterprise
Enterprises
Equitable
Federal
Financial
Fire Rescue
Fédéral
Gas
Gestion
Général
Générale
Holdings
Industriale
Industries
Institute of Technology
Insurance
International
Interstate
Investissements
Investment
Investments
Investors
Kennels
Machines
Magasins
Management
Marine
Marketing
Markets
Media
Mercantile Exchange
Mining
Motor
Motors
News Service
Optical
Organization
Petrole
Petroleum
Pharmacare
Pharmaceutical
Pharmaceuticals
Pharmaceutiques
Pottery
Press
Radio
Recherche
Records
Rescue
Reserve
Rouge
Régulation
Savings
Secure Electronic Transaction
Securities
Services
State Police
Stock Exchange
Stores
Systems
TV
Technologie
Technologies
Technology
Telegraph
Television
Tours
Télévision
Utilities
Wanderers
Ware
Tribunal
Consultants
Examinations
Examination Board
Trains
ASSOCIÉS
Acquisition
Affaires
Affaires
Avion
Compagnies aériennes
Voies aériennes
Associés
Assurance
Aviation
Bancorp
Compagnie de bateau
Bateaux
Marques
Brasserie
Capitale
Se soucier
Produits chimiques
la chronique
Cirque
Coalition
Comité
Communications
Ordinateur
Consultant
Conteneurs
Corps
Grand magasin
Conception
A dessiné
Forage
Éducation
Électrique
Électricité
Electriques
Energie
Les moteurs
Entreprise
Entreprises
Équitable
Fédéral
Financier
Les pompiers
Fédéral
Gaz
Gestion
Général
Générale
Fonds
Industriale
Industries
Institut de Technologie
Assurance
International
Entre États
Investissements
Investissement
Investissements
Investisseurs
Chenils
Machines
Magasins
Gestion
Marin
Commercialisation
Les marchés
Médias
Échange mercantile
Exploitation minière
Moteur
Moteurs
Service de nouvelles
Optique
Organisation
Pétrole
Pétrole
Pharmacare
Pharmaceutique
Médicaments
Pharmaceutiques
Poterie
presse
Radio
Recherché
Des dossiers
Porter secours
réserve
Rouge
Règlement
Economies
Transaction électronique sécurisée
Titres
Prestations de service
Police d'état
Bourse
Magasins
Des systèmes
Télé
Technologie
Technologies
Technologie
Télégraphe
Télévision
Tours
Télévision
Utilitaires
Vagabonds
Ware
Tribunal
Consultants
Examens
Commission d'examen
Trains