ADMINISTRATION
AGENCE
AGENCES
AGENCIES
AGENCY
ASSOCIATION
AUTHORITY
AUTORITE
Administration
Agence
Agences
Agency
Association
Assoc.
Assoc
Authority
Autorité
BANK
BANQUE
BOARD
BROTHERHOOD
BUREAU
Bank
Banque
Board
Brotherhood
Building Society
Bureau
CAISSE
CATHEDRAL
CENTER
CENTRE
CHURCH
CLINIC
CLINIQUE
COLLEGE
COMMISSION
COMMITTEE
COMMUNITY
CONSEIL
CORPORATION
COUNCIL
Caisse
Cathedral
Center
Centre
Choir
Church
Clinic
Clinique
Club
College
Collège
Commission
Committee
Community
Confederation
Conseil
Corporation
Council
Crew
DEPARTEMENT
DEPARTMENT
DIRECTORATE
DIVISION
Department
Directorate
Département
EGLISE
ESTATE
ETAT
Eglise
Ensemble
Estate
Etat
FEDERATION
FOUNDATION
FUND
Federation
Foundation
Fund
Fédération
GROUP
GROUPE
GUILD
Group
Groupe
Guild
HEALTH AUTHORITY
HOSPITAL
HOTEL
HOTELS
Health Authority
Hospital
Hotel
Hotels
INSTITUT
INSTITUTE
INSTITUTES
Institut
Institute
Institutes
LABORATOIRE
LABORATOIRES
LABORATORIES
LABORATORY
LOCAL AUTHORITY
LOCAL HEALTH AUTHORITY
Laboratoire
Laboratoires
Laboratories
Laboratory
Local Authority
Local Health Authority
MAGAZINE
MINISTERE
MINISTRY
MUSEE
MUSEUM
Magazine
Ministry
Ministère
Museum
Musèe
OBSERVATOIRE
OBSERVATORY
OFFICE
Observatoire
Observatory
Office
Orchestra
PARTENAIRES
PARTENARIAT
PARTNERS
PARTNERSHIP
PARTY
PLANT
Partenaires
Partenariat
Partners
Partnership
Party
Plant
Polytechnic
Quartet
REGIONAL AUTHORITY
REGIONAL HEALTH AUTHORITY
Regional Authority
Regional Health Authority
SCHOOL
SERVICE
SOCIETY
SQUADRON
STATE UNIVERSITY
SUBCOMMITTEE
School
Service
Social Club
Societe
Society
Société
Squadron
State University
Subcommittee
Syndicat
Tribunal
TRUST
Trust
UNION
UNIVERSITY
USINE
Union
University
Université
Usine
WORKERS
Ware
Workers
clinique
federation
ministère
state university
syndicat
université
état
department
departments
Comprehensive
ADMINISTRATION
AGENCE
AGENCES
AGENCES
AGENCE
ASSOCIATION
AUTORITÉ
AUTORITE
Administration
Agence
Agences
Agence
Association
Assoc.
Assoc
Autorité
Autorité
BANQUE
BANQUE
PLANCHE
FRATERNITÉ
BUREAU
Banque
Banque
Planche
fraternité
Société de construction
bureau
Causé
CATHÉDRALE
CENTRE
CENTRE
ÉGLISE
CLINIQUE
CLINIQUE
UNIVERSITÉ
COMMISSION
COMITÉ
COMMUNAUTÉ
CONSEIL
SOCIÉTÉ
CONSEIL
Caisse
cathédrale
Centre
Centre
Chorale
Église
Clinique
Clinique
club
Université
Université
Commission
Comité
Communauté
Confédération
Conseil
société
Conseil
Équipage
DÉPARTEMENT
DÉPARTEMENT
DIRECTION
DIVISION
département
Direction
Département
EGLISE
BIENS
ETAT
Eglise
Ensemble
Biens
État
FÉDÉRATION
FONDATION
FONDS
Fédération
Fondation
Fonds
Fédération
GROUPE
GROUPE
GUILDE
Groupe
Groupe
Guilde
AUTORITÉ DE SANTÉ
HÔPITAL
UN HÔTEL
HÔTELS
Autorité de santé
Hôpital
Un hôtel
Hôtels
INSTITUT
INSTITUT
INSTITUTS
Institut
Institut
Instituts
LABORATOIRE
LABORATOIRES
LABORATOIRES
LABORATOIRE
AUTORITÉ LOCALE
AUTORITÉ LOCALE DE SANTÉ
Laboratoire
Laboratoires
Laboratoires
Laboratoire
Autorité locale
Autorité sanitaire locale
MAGAZINE
MINISTERE
MINISTÈRE
MUSEE
MUSÉE
Magazine
Ministère
Ministère
Musée
Musèe
OBSERVATOIRE
OBSERVATOIRE
BUREAU
Observatoire
Observatoire
Bureau
Orchestre
PARTENAIRES
PARTENARIAT
LES PARTENAIRES
PARTENARIAT
FÊTE
PLANTE
Partenaires
Partenariat
Les partenaires
Partenariat
Fête
Plante
Polytechnique
Quatuor
AUTORITÉ RÉGIONALE
AUTORITÉ RÉGIONALE DE SANTÉ
Autorité Régionale
Régie régionale de la santé
ÉCOLE
UN SERVICE
SOCIÉTÉ
ESCADRON
UNIVERSITÉ D'ÉTAT
SOUS-COMITÉ
École
Un service
Club social
Société
Société
Société
Escadron
Université d'État
Sous-comité
Syndicat
Tribunal
CONFIANCE
Confiance
SYNDICAT
UNIVERSITÉ
USINE
syndicat
Université
Université
Usine
OUVRIERS
Ware
Ouvriers
clinique
fédération
ministère
Université d'État
syndicat
université
état
département
départements
Complet