business unit manager
chairman
chancellor
chief administrative officer
chief executive
chief executive officer
chief financial officer
chief operating officer
co-chairman
co-chief executive officer
communications director
controller
deputy chairman
deputy general manager
director - business development
director - product management
director - system / field test
director of human resources
director of marketing
director of marketing communications
director, product group
executive
executive director - product development
executive vice president
executive vice president - Europe
executive vice presidents
finance chief
finance director
founding chairman
general counsel
general manager
group executive
group president
head
human-resources vice president
judge
leader
managing director
minister
monsieur
negotiator
non-executive chairman
nonexecutive chairman
president
secretary
secretary-general
senior vice president
treasurer
vice chairman
vice president
vice president of business / market planning & development
vice president of sales and marketing
vice-chairman
chef d'unité commerciale
président
chancelier
directeur administratif
directeur général
Directeur Général
directeur financier
Président directeur général
co-président
co-chef de la direction
directeur des communications
manette
vice-président
directeur général adjoint
directeur - développement des affaires
directeur - gestion de produits
réalisateur - test système / terrain
directeur des ressources humaines
Directeur du marketing
directeur de la communication marketing
directeur, groupe de produits
exécutif
directeur exécutif - développement de produits
Vice-président exécutif
vice-président exécutif - Europe
vice-présidents exécutifs
chef des finances
directeur des finances
président fondateur
avocat général
directeur général
cadre de groupe
président du groupe
tête
vice-président des ressources humaines
juge
chef
directeur général
ministre
Monsieur
négociateur
président non exécutif
président non exécutif
Président
secrétaire
secrétaire général
vice-président senior
trésorier
vice-président
vice président
vice-président de la planification et du développement des affaires / du marché
vice-président des ventes et du marketing
vice-président