administrator
ambassador
ambassadors
attorney general
business editor
c.e.o.
c.f.o.
cabinet member
cabinet minister
candidate
capt.
chairman
chairman of the board
chancellor
chief engineer
chief executive
chief executive officer
chief financial officer
chief information officer
chief inspector
chief operating officer
chief scientist
commissar
commissars
commissioner
commissioners
comptroller
congressman
congressmen
consultant
consultant paediatrician
consultants
controller
councillor
councillors
councilman
councilmen
counsel
defense minister
defence minister
deputy
deputy assistant 
defense secretary
defence secretary
deputy foreign minister
detective
diplomat
diplomats
director
director of public affairs
director of communications
director of finance
director of marketing
director of public affairs
doctor
dr
dr.
embassador
embassadors
engineering manager
esq
esq.
executive
executive director, americas and direct market operations
executive vp
executive vice-president, corporate services
executive vice-president, information technologies
flight engineer
foreign officials
general manager
gov.
governor
governor general
governors
high commissioner
industry and commerce minister
inspector
interim vice president - operations
investment editor
judge
lawyer
leader
llb
local authorities
local government officials
local mayor
lord
lord mayor
mp
madam
madame
mademoiselle
manager
managing director
marquis
marshal
mayor
mayors
md
messr
messr.
messrs
messrs.
minister
miss
mlle
mme
mme.
monsieur
mr
mr.
mrs
mrs.
ms
ms.
nurse
officer
officials
premier
premier ministre
president
president-elect
president-elect
press secretary
prime minister
prince
princess
proconsul
prof.
professor
provost
r-n.y.
r-s.c.
rabbi
regional general manager
rep.
reporter
representative
rev.
reverend
sales manager
secretary
secretary general
secretary of state
secretary-generall
sen.
senator
senior director of program management
senior executive
senior vp
senior vice president
senior vice president of clinical operations
sheik
sir
sister
speaker
speakers
spokesman
spokesperson
spokeswoman
staff reporter
teacher
telecoms analyst
transportation secretary
treasurer
v.p.
vp
vice -president, marketing
vice president
vice president - operations
vice president of business development
vice president of business development and worldwide sales
vice president of sales
vice president, finance - operations
vice-president
vice-president, business development
vice-president, human resources
vice-president, sales
administrateur
ambassadeur
ambassadeurs
procureur général
rédacteur en chef
PDG.
CFO.
membre du cabinet
ministre du cabinet
candidat
capt.
président
Président du Conseil
chancelier
ingénieur en chef
directeur général
Directeur Général
directeur financier
chef de l'information
inspecteur en chef
Président directeur général
directeur scientifique
commissaire
commissaires
le commissaire
les commissaires
contrôleur
membre du Congrès
membres du Congrès
consultant
pédiatre consultant
consultants
manette
conseiller
conseillers
conseiller municipal
conseillers municipaux
Conseil
ministre de la Défense
ministre de la Défense
adjoint
assistant adjoint
secrétaire à la défense
secrétaire à la défense
vice-ministre des affaires étrangères
détective
diplomate
diplomates
réalisateur
directeur des affaires publiques
directeur des communications
Directeur des Finances
Directeur du marketing
directeur des affaires publiques
docteur
dr
dr.
ambassadeur
les ambassadeurs
Directeur de l'Ingénierie
esq
esq.
exécutif
directeur exécutif, Amérique et opérations de marché direct
exécutif vp
vice-président exécutif, services corporatifs
vice-président exécutif, technologies de l'information
mécanicien de bord
fonctionnaires étrangers
directeur général
gov.
gouverneur
gouverneur général
gouverneurs
haut-Commissaire
ministre de l'industrie et du commerce
inspecteur
vice-président intérimaire - opérations
éditeur d'investissement
juge
avocat
chef
llb
autorités locales
fonctionnaires du gouvernement local
maire local
Seigneur
Lord Maire
mp
Madame
Madame
mademoiselle
directeur
directeur général
marquis
maréchal
maire
les maires
Maryland
messr
messr.
messrs
messrs.
ministre
manquer
mlle
mme
mme.
Monsieur
M
M.
Madame
Madame.
Mme
Mme.
infirmière
officier
les fonctionnaires
premier
premier ministre
Président
président élu
président élu
attaché de presse
premier ministre
prince
Princesse
proconsul
prof.
professeur
prévôt
r-n.y.
r-s.c.
rabbin
directeur général régional
représentant.
journaliste
représentant
tour.
révérend
directeur commercial
secrétaire
secrétaire général
secrétaire d'État
secrétaire général
sen.
sénateur
directeur principal de la gestion des programmes
cadre supérieur
vp senior
vice-président senior
vice-président senior des opérations cliniques
cheik
Monsieur
sœur
orateur
haut-parleurs
porte-parole
porte-parole
porte-parole
reporter du personnel
prof
analyste télécoms
secrétaire aux transports
trésorier
v.p.
vp
vice-président, marketing
vice président
vice-président - opérations
vice-président du développement des affaires
vice-président du développement commercial et des ventes mondiales
vice-président des ventes
vice-président, finances - opérations
vice président
vice-président, développement des affaires
vice-président, ressources humaines
vice-président, ventes
